Component: Arm Compiler for Embedded 6.19 Tool: armlink [5e73cb00]

==============================================================================

Section Cross References

    main.o(.text.main) refers to lcd_program.o(.text.LCD_voidInit) for LCD_voidInit
    main.o(.ARM.exidx.text.main) refers to main.o(.text.main) for [Anonymous Symbol]
    lcd_program.o(.text.LCD_voidInit) refers to gpio_program.o(.text.GPIO_u8SetPinMode) for GPIO_u8SetPinMode
    lcd_program.o(.text.LCD_voidInit) refers to gpio_program.o(.text.GPIO_u8SetPinOutputType) for GPIO_u8SetPinOutputType
    lcd_program.o(.text.LCD_voidInit) refers to gpio_program.o(.text.GPIO_u8SetPinOutputSpeed) for GPIO_u8SetPinOutputSpeed
    lcd_program.o(.text.LCD_voidInit) refers to gpio_program.o(.text.GPIO_u8SetPinPullMode) for GPIO_u8SetPinPullMode
    lcd_program.o(.text.LCD_voidInit) refers to systk_program.o(.text.STK_voidDelayMsec) for STK_voidDelayMsec
    lcd_program.o(.text.LCD_voidInit) refers to gpio_program.o(.text.GPIO_u8ChangePinOutMode) for GPIO_u8ChangePinOutMode
    lcd_program.o(.text.LCD_voidInit) refers to lcd_program.o(.text.LCD_voidSendCmd) for LCD_voidSendCmd
    lcd_program.o(.ARM.exidx.text.LCD_voidInit) refers to lcd_program.o(.text.LCD_voidInit) for [Anonymous Symbol]
    lcd_program.o(.text.LCD_voidSendCmd) refers to gpio_program.o(.text.GPIO_u8ChangePinOutMode) for GPIO_u8ChangePinOutMode
    lcd_program.o(.text.LCD_voidSendCmd) refers to lcd_program.o(.text.LCD_voidSendFallingEdge) for LCD_voidSendFallingEdge
    lcd_program.o(.ARM.exidx.text.LCD_voidSendCmd) refers to lcd_program.o(.text.LCD_voidSendCmd) for [Anonymous Symbol]
    lcd_program.o(.text.LCD_voidSendFallingEdge) refers to gpio_program.o(.text.GPIO_u8ChangePinOutMode) for GPIO_u8ChangePinOutMode
    lcd_program.o(.text.LCD_voidSendFallingEdge) refers to systk_program.o(.text.STK_voidDelayMsec) for STK_voidDelayMsec
    lcd_program.o(.ARM.exidx.text.LCD_voidSendFallingEdge) refers to lcd_program.o(.text.LCD_voidSendFallingEdge) for [Anonymous Symbol]
    lcd_program.o(.text.LCD_voidSendChar) refers to gpio_program.o(.text.GPIO_u8ChangePinOutMode) for GPIO_u8ChangePinOutMode
    lcd_program.o(.text.LCD_voidSendChar) refers to lcd_program.o(.text.LCD_voidSendFallingEdge) for LCD_voidSendFallingEdge
    lcd_program.o(.ARM.exidx.text.LCD_voidSendChar) refers to lcd_program.o(.text.LCD_voidSendChar) for [Anonymous Symbol]
    lcd_program.o(.text.LCD_voidSendString) refers to lcd_program.o(.text.LCD_voidSendChar) for LCD_voidSendChar
    lcd_program.o(.ARM.exidx.text.LCD_voidSendString) refers to lcd_program.o(.text.LCD_voidSendString) for [Anonymous Symbol]
    lcd_program.o(.text.LCD_voidClearScreen) refers to lcd_program.o(.text.LCD_voidSendCmd) for LCD_voidSendCmd
    lcd_program.o(.text.LCD_voidClearScreen) refers to systk_program.o(.text.STK_voidDelayMsec) for STK_voidDelayMsec
    lcd_program.o(.ARM.exidx.text.LCD_voidClearScreen) refers to lcd_program.o(.text.LCD_voidClearScreen) for [Anonymous Symbol]
    lcd_program.o(.text.LCD_voidMoveCursor) refers to lcd_program.o(.text.LCD_voidSendCmd) for LCD_voidSendCmd
    lcd_program.o(.text.LCD_voidMoveCursor) refers to systk_program.o(.text.STK_voidDelayMsec) for STK_voidDelayMsec
    lcd_program.o(.ARM.exidx.text.LCD_voidMoveCursor) refers to lcd_program.o(.text.LCD_voidMoveCursor) for [Anonymous Symbol]
    flash_program.o(.ARM.exidx.text.MFDI_voidSectorErase) refers to flash_program.o(.text.MFDI_voidSectorErase) for [Anonymous Symbol]
    flash_program.o(.text.MFDI_voidMassErase) refers to flash_program.o(.text.MFDI_voidSectorErase) for MFDI_voidSectorErase
    flash_program.o(.ARM.exidx.text.MFDI_voidMassErase) refers to flash_program.o(.text.MFDI_voidMassErase) for [Anonymous Symbol]
    flash_program.o(.ARM.exidx.text.MFDI_voidFlashWrite) refers to flash_program.o(.text.MFDI_voidFlashWrite) for [Anonymous Symbol]
    rcc_program.o(.ARM.exidx.text.RCC_u8InitSysClk) refers to rcc_program.o(.text.RCC_u8InitSysClk) for [Anonymous Symbol]
    rcc_program.o(.ARM.exidx.text.RCC_u8EnableHSE) refers to rcc_program.o(.text.RCC_u8EnableHSE) for [Anonymous Symbol]
    rcc_program.o(.ARM.exidx.text.RCC_u8DisableHSE) refers to rcc_program.o(.text.RCC_u8DisableHSE) for [Anonymous Symbol]
    rcc_program.o(.ARM.exidx.text.RCC_u8DisablePeripheralClk) refers to rcc_program.o(.text.RCC_u8DisablePeripheralClk) for [Anonymous Symbol]
    rcc_program.o(.ARM.exidx.text.RCC_u8EnablePeripheralClk) refers to rcc_program.o(.text.RCC_u8EnablePeripheralClk) for [Anonymous Symbol]
    rcc_program.o(.ARM.exidx.text.RCC_u8EnableHSI) refers to rcc_program.o(.text.RCC_u8EnableHSI) for [Anonymous Symbol]
    rcc_program.o(.ARM.exidx.text.RCC_u8DisableHSI) refers to rcc_program.o(.text.RCC_u8DisableHSI) for [Anonymous Symbol]
    gpio_program.o(.ARM.exidx.text.GPIO_u8SetPinMode) refers to gpio_program.o(.text.GPIO_u8SetPinMode) for [Anonymous Symbol]
    gpio_program.o(.ARM.exidx.text.GPIO_u8SetPinOutputType) refers to gpio_program.o(.text.GPIO_u8SetPinOutputType) for [Anonymous Symbol]
    gpio_program.o(.ARM.exidx.text.GPIO_u8SetPinOutputSpeed) refers to gpio_program.o(.text.GPIO_u8SetPinOutputSpeed) for [Anonymous Symbol]
    gpio_program.o(.ARM.exidx.text.GPIO_u8SetPinPullMode) refers to gpio_program.o(.text.GPIO_u8SetPinPullMode) for [Anonymous Symbol]
    gpio_program.o(.ARM.exidx.text.GPIO_u8GetPinValue) refers to gpio_program.o(.text.GPIO_u8GetPinValue) for [Anonymous Symbol]
    gpio_program.o(.ARM.exidx.text.GPIO_u8ChangePinOutMode) refers to gpio_program.o(.text.GPIO_u8ChangePinOutMode) for [Anonymous Symbol]
    gpio_program.o(.ARM.exidx.text.GPIO_u8DirectSetPinOutMode) refers to gpio_program.o(.text.GPIO_u8DirectSetPinOutMode) for [Anonymous Symbol]
    systk_program.o(.ARM.exidx.text.STK_voidInit) refers to systk_program.o(.text.STK_voidInit) for [Anonymous Symbol]
    systk_program.o(.ARM.exidx.text.STK_voidStart) refers to systk_program.o(.text.STK_voidStart) for [Anonymous Symbol]
    systk_program.o(.ARM.exidx.text.STK_u8ReadFlag) refers to systk_program.o(.text.STK_u8ReadFlag) for [Anonymous Symbol]
    systk_program.o(.ARM.exidx.text.STK_u32GetRemainingTime) refers to systk_program.o(.text.STK_u32GetRemainingTime) for [Anonymous Symbol]
    systk_program.o(.ARM.exidx.text.STK_u32GetElapsedTime) refers to systk_program.o(.text.STK_u32GetElapsedTime) for [Anonymous Symbol]
    systk_program.o(.text.STK_voidDelayUsec) refers to systk_program.o(.text.STK_voidStart) for STK_voidStart
    systk_program.o(.ARM.exidx.text.STK_voidDelayUsec) refers to systk_program.o(.text.STK_voidDelayUsec) for [Anonymous Symbol]
    systk_program.o(.text.STK_voidDelayMsec) refers to systk_program.o(.text.STK_voidStart) for STK_voidStart
    systk_program.o(.ARM.exidx.text.STK_voidDelayMsec) refers to systk_program.o(.text.STK_voidDelayMsec) for [Anonymous Symbol]
    systk_program.o(.text.STK_voidSetCallBack) refers to systk_program.o(.bss.STK_CallBack) for STK_CallBack
    systk_program.o(.ARM.exidx.text.STK_voidSetCallBack) refers to systk_program.o(.text.STK_voidSetCallBack) for [Anonymous Symbol]
    systk_program.o(.text.SysTick_Handler) refers to systk_program.o(.bss.STK_CallBack) for STK_CallBack
    systk_program.o(.ARM.exidx.text.SysTick_Handler) refers to systk_program.o(.text.SysTick_Handler) for [Anonymous Symbol]
    systk_program.o(.text.STK_voidSetIntervalPeriodic) refers to systk_program.o(.bss.STK_CallBack) for STK_CallBack
    systk_program.o(.text.STK_voidSetIntervalPeriodic) refers to systk_program.o(.bss.G_u8SingleFlag) for G_u8SingleFlag
    systk_program.o(.ARM.exidx.text.STK_voidSetIntervalPeriodic) refers to systk_program.o(.text.STK_voidSetIntervalPeriodic) for [Anonymous Symbol]
    startup_stm32f401xc.o(STACK) refers (Special) to heapauxi.o(.text) for __use_two_region_memory
    startup_stm32f401xc.o(HEAP) refers (Special) to heapauxi.o(.text) for __use_two_region_memory
    startup_stm32f401xc.o(RESET) refers (Special) to heapauxi.o(.text) for __use_two_region_memory
    startup_stm32f401xc.o(RESET) refers to startup_stm32f401xc.o(STACK) for __initial_sp
    startup_stm32f401xc.o(RESET) refers to startup_stm32f401xc.o(.text) for Reset_Handler
    startup_stm32f401xc.o(RESET) refers to systk_program.o(.text.SysTick_Handler) for SysTick_Handler
    startup_stm32f401xc.o(.text) refers (Special) to heapauxi.o(.text) for __use_two_region_memory
    startup_stm32f401xc.o(.text) refers to system_stm32f4xx.o(.text.SystemInit) for SystemInit
    startup_stm32f401xc.o(.text) refers to __main.o(!!!main) for __main
    startup_stm32f401xc.o(.text) refers to startup_stm32f401xc.o(HEAP) for Heap_Mem
    startup_stm32f401xc.o(.text) refers to startup_stm32f401xc.o(STACK) for Stack_Mem
    system_stm32f4xx.o(.ARM.exidx.text.SystemInit) refers to system_stm32f4xx.o(.text.SystemInit) for [Anonymous Symbol]
    system_stm32f4xx.o(.text.SystemCoreClockUpdate) refers to system_stm32f4xx.o(.data.SystemCoreClock) for SystemCoreClock
    system_stm32f4xx.o(.text.SystemCoreClockUpdate) refers to system_stm32f4xx.o(.rodata.AHBPrescTable) for AHBPrescTable
    system_stm32f4xx.o(.ARM.exidx.text.SystemCoreClockUpdate) refers to system_stm32f4xx.o(.text.SystemCoreClockUpdate) for [Anonymous Symbol]
    __main.o(!!!main) refers to __rtentry.o(.ARM.Collect$$rtentry$$00000000) for __rt_entry
    __rtentry.o(.ARM.Collect$$rtentry$$00000000) refers (Special) to __rtentry2.o(.ARM.Collect$$rtentry$$0000000A) for __rt_entry_li
    __rtentry.o(.ARM.Collect$$rtentry$$00000000) refers (Special) to __rtentry2.o(.ARM.Collect$$rtentry$$0000000D) for __rt_entry_main
    __rtentry.o(.ARM.Collect$$rtentry$$00000000) refers (Special) to __rtentry2.o(.ARM.Collect$$rtentry$$0000000C) for __rt_entry_postli_1
    __rtentry.o(.ARM.Collect$$rtentry$$00000000) refers (Special) to __rtentry2.o(.ARM.Collect$$rtentry$$00000009) for __rt_entry_postsh_1
    __rtentry.o(.ARM.Collect$$rtentry$$00000000) refers (Special) to __rtentry2.o(.ARM.Collect$$rtentry$$00000002) for __rt_entry_presh_1
    __rtentry.o(.ARM.Collect$$rtentry$$00000000) refers (Special) to __rtentry4.o(.ARM.Collect$$rtentry$$00000004) for __rt_entry_sh
    __rtentry2.o(.ARM.Collect$$rtentry$$00000008) refers to boardinit2.o(.text) for _platform_post_stackheap_init
    __rtentry2.o(.ARM.Collect$$rtentry$$0000000A) refers to libinit.o(.ARM.Collect$$libinit$$00000000) for __rt_lib_init
    __rtentry2.o(.ARM.Collect$$rtentry$$0000000B) refers to boardinit3.o(.text) for _platform_post_lib_init
    __rtentry2.o(.ARM.Collect$$rtentry$$0000000D) refers to main.o(.text.main) for main
    __rtentry2.o(.ARM.Collect$$rtentry$$0000000D) refers to exit.o(.text) for exit
    __rtentry2.o(.ARM.exidx) refers to __rtentry2.o(.ARM.Collect$$rtentry$$00000001) for .ARM.Collect$$rtentry$$00000001
    __rtentry2.o(.ARM.exidx) refers to __rtentry2.o(.ARM.Collect$$rtentry$$00000008) for .ARM.Collect$$rtentry$$00000008
    __rtentry2.o(.ARM.exidx) refers to __rtentry2.o(.ARM.Collect$$rtentry$$0000000A) for .ARM.Collect$$rtentry$$0000000A
    __rtentry2.o(.ARM.exidx) refers to __rtentry2.o(.ARM.Collect$$rtentry$$0000000B) for .ARM.Collect$$rtentry$$0000000B
    __rtentry2.o(.ARM.exidx) refers to __rtentry2.o(.ARM.Collect$$rtentry$$0000000D) for .ARM.Collect$$rtentry$$0000000D
    __rtentry4.o(.ARM.Collect$$rtentry$$00000004) refers to sys_stackheap_outer.o(.text) for __user_setup_stackheap
    __rtentry4.o(.ARM.exidx) refers to __rtentry4.o(.ARM.Collect$$rtentry$$00000004) for .ARM.Collect$$rtentry$$00000004
    sys_stackheap_outer.o(.text) refers to libspace.o(.text) for __user_perproc_libspace
    sys_stackheap_outer.o(.text) refers to startup_stm32f401xc.o(.text) for __user_initial_stackheap
    exit.o(.text) refers to rtexit.o(.ARM.Collect$$rtexit$$00000000) for __rt_exit
    libinit.o(.ARM.Collect$$libinit$$00000000) refers (Special) to libinit2.o(.ARM.Collect$$libinit$$00000030) for __rt_lib_init_alloca_1
    libinit.o(.ARM.Collect$$libinit$$00000000) refers (Special) to libinit2.o(.ARM.Collect$$libinit$$0000002E) for __rt_lib_init_argv_1
    libinit.o(.ARM.Collect$$libinit$$00000000) refers (Special) to libinit2.o(.ARM.Collect$$libinit$$0000001D) for __rt_lib_init_atexit_1
    libinit.o(.ARM.Collect$$libinit$$00000000) refers (Special) to libinit2.o(.ARM.Collect$$libinit$$00000023) for __rt_lib_init_clock_1
    libinit.o(.ARM.Collect$$libinit$$00000000) refers (Special) to libinit2.o(.ARM.Collect$$libinit$$00000034) for __rt_lib_init_cpp_1
    libinit.o(.ARM.Collect$$libinit$$00000000) refers (Special) to libinit2.o(.ARM.Collect$$libinit$$00000032) for __rt_lib_init_exceptions_1
    libinit.o(.ARM.Collect$$libinit$$00000000) refers (Special) to libinit2.o(.ARM.Collect$$libinit$$00000001) for __rt_lib_init_fp_1
    libinit.o(.ARM.Collect$$libinit$$00000000) refers (Special) to libinit2.o(.ARM.Collect$$libinit$$00000021) for __rt_lib_init_fp_trap_1
    libinit.o(.ARM.Collect$$libinit$$00000000) refers (Special) to libinit2.o(.ARM.Collect$$libinit$$00000025) for __rt_lib_init_getenv_1
    libinit.o(.ARM.Collect$$libinit$$00000000) refers (Special) to libinit2.o(.ARM.Collect$$libinit$$0000000C) for __rt_lib_init_heap_1
    libinit.o(.ARM.Collect$$libinit$$00000000) refers (Special) to libinit2.o(.ARM.Collect$$libinit$$00000013) for __rt_lib_init_lc_collate_1
    libinit.o(.ARM.Collect$$libinit$$00000000) refers (Special) to libinit2.o(.ARM.Collect$$libinit$$00000015) for __rt_lib_init_lc_ctype_1
    libinit.o(.ARM.Collect$$libinit$$00000000) refers (Special) to libinit2.o(.ARM.Collect$$libinit$$00000017) for __rt_lib_init_lc_monetary_1
    libinit.o(.ARM.Collect$$libinit$$00000000) refers (Special) to libinit2.o(.ARM.Collect$$libinit$$00000019) for __rt_lib_init_lc_numeric_1
    libinit.o(.ARM.Collect$$libinit$$00000000) refers (Special) to libinit2.o(.ARM.Collect$$libinit$$0000001B) for __rt_lib_init_lc_time_1
    libinit.o(.ARM.Collect$$libinit$$00000000) refers (Special) to libinit2.o(.ARM.Collect$$libinit$$00000006) for __rt_lib_init_preinit_1
    libinit.o(.ARM.Collect$$libinit$$00000000) refers (Special) to libinit2.o(.ARM.Collect$$libinit$$00000010) for __rt_lib_init_rand_1
    libinit.o(.ARM.Collect$$libinit$$00000000) refers (Special) to libinit2.o(.ARM.Collect$$libinit$$00000004) for __rt_lib_init_relocate_pie_1
    libinit.o(.ARM.Collect$$libinit$$00000000) refers (Special) to libinit2.o(.ARM.Collect$$libinit$$00000035) for __rt_lib_init_return
    libinit.o(.ARM.Collect$$libinit$$00000000) refers (Special) to libinit2.o(.ARM.Collect$$libinit$$0000001F) for __rt_lib_init_signal_1
    libinit.o(.ARM.Collect$$libinit$$00000000) refers (Special) to libinit2.o(.ARM.Collect$$libinit$$00000027) for __rt_lib_init_stdio_1
    libinit.o(.ARM.Collect$$libinit$$00000000) refers (Special) to libinit2.o(.ARM.Collect$$libinit$$0000000E) for __rt_lib_init_user_alloc_1
    libspace.o(.text) refers to libspace.o(.bss) for __libspace_start
    rtexit.o(.ARM.Collect$$rtexit$$00000000) refers (Special) to rtexit2.o(.ARM.Collect$$rtexit$$00000004) for __rt_exit_exit
    rtexit.o(.ARM.Collect$$rtexit$$00000000) refers (Special) to rtexit2.o(.ARM.Collect$$rtexit$$00000003) for __rt_exit_ls
    rtexit.o(.ARM.Collect$$rtexit$$00000000) refers (Special) to rtexit2.o(.ARM.Collect$$rtexit$$00000002) for __rt_exit_prels_1
    rtexit.o(.ARM.exidx) refers (Special) to rtexit2.o(.ARM.Collect$$rtexit$$00000004) for __rt_exit_exit
    rtexit.o(.ARM.exidx) refers (Special) to rtexit2.o(.ARM.Collect$$rtexit$$00000003) for __rt_exit_ls
    rtexit.o(.ARM.exidx) refers (Special) to rtexit2.o(.ARM.Collect$$rtexit$$00000002) for __rt_exit_prels_1
    rtexit.o(.ARM.exidx) refers to rtexit.o(.ARM.Collect$$rtexit$$00000000) for .ARM.Collect$$rtexit$$00000000
    libinit2.o(.ARM.Collect$$libinit$$00000001) refers to fpinit.o(x$fpl$fpinit) for _fp_init
    libinit2.o(.ARM.Collect$$libinit$$00000012) refers to libinit2.o(.ARM.Collect$$libinit$$00000011) for .ARM.Collect$$libinit$$00000011
    libinit2.o(.ARM.Collect$$libinit$$00000014) refers to libinit2.o(.ARM.Collect$$libinit$$00000011) for .ARM.Collect$$libinit$$00000011
    libinit2.o(.ARM.Collect$$libinit$$00000016) refers to libinit2.o(.ARM.Collect$$libinit$$00000011) for .ARM.Collect$$libinit$$00000011
    libinit2.o(.ARM.Collect$$libinit$$00000018) refers to libinit2.o(.ARM.Collect$$libinit$$00000011) for .ARM.Collect$$libinit$$00000011
    libinit2.o(.ARM.Collect$$libinit$$0000001A) refers to libinit2.o(.ARM.Collect$$libinit$$00000011) for .ARM.Collect$$libinit$$00000011
    libinit2.o(.ARM.Collect$$libinit$$00000028) refers to argv_veneer.o(.emb_text) for __ARM_argv_veneer
    libinit2.o(.ARM.Collect$$libinit$$00000029) refers to argv_veneer.o(.emb_text) for __ARM_argv_veneer
    rtexit2.o(.ARM.Collect$$rtexit$$00000003) refers to libshutdown.o(.ARM.Collect$$libshutdown$$00000000) for __rt_lib_shutdown
    rtexit2.o(.ARM.Collect$$rtexit$$00000004) refers to sys_exit.o(.text) for _sys_exit
    rtexit2.o(.ARM.exidx) refers to rtexit2.o(.ARM.Collect$$rtexit$$00000001) for .ARM.Collect$$rtexit$$00000001
    rtexit2.o(.ARM.exidx) refers to rtexit2.o(.ARM.Collect$$rtexit$$00000003) for .ARM.Collect$$rtexit$$00000003
    rtexit2.o(.ARM.exidx) refers to rtexit2.o(.ARM.Collect$$rtexit$$00000004) for .ARM.Collect$$rtexit$$00000004
    argv_veneer.o(.emb_text) refers to no_argv.o(.text) for __ARM_get_argv
    sys_exit.o(.text) refers (Special) to use_no_semi.o(.text) for __I$use$semihosting
    sys_exit.o(.text) refers (Special) to indicate_semi.o(.text) for __semihosting_library_function
    sys_exit_hlt.o(.text) refers (Special) to use_no_semi.o(.text) for __I$use$semihosting
    sys_exit_hlt.o(.text) refers (Special) to indicate_semi.o(.text) for __semihosting_library_function
    _get_argv_nomalloc.o(.text) refers (Special) to hrguard.o(.text) for __heap_region$guard
    _get_argv_nomalloc.o(.text) refers to defsig_rtmem_outer.o(.text) for __rt_SIGRTMEM
    _get_argv_nomalloc.o(.text) refers to sys_command.o(.text) for _sys_command_string
    libshutdown.o(.ARM.Collect$$libshutdown$$00000000) refers (Special) to libshutdown2.o(.ARM.Collect$$libshutdown$$00000002) for __rt_lib_shutdown_cpp_1
    libshutdown.o(.ARM.Collect$$libshutdown$$00000000) refers (Special) to libshutdown2.o(.ARM.Collect$$libshutdown$$00000007) for __rt_lib_shutdown_fp_trap_1
    libshutdown.o(.ARM.Collect$$libshutdown$$00000000) refers (Special) to libshutdown2.o(.ARM.Collect$$libshutdown$$0000000F) for __rt_lib_shutdown_heap_1
    libshutdown.o(.ARM.Collect$$libshutdown$$00000000) refers (Special) to libshutdown2.o(.ARM.Collect$$libshutdown$$00000010) for __rt_lib_shutdown_return
    libshutdown.o(.ARM.Collect$$libshutdown$$00000000) refers (Special) to libshutdown2.o(.ARM.Collect$$libshutdown$$0000000A) for __rt_lib_shutdown_signal_1
    libshutdown.o(.ARM.Collect$$libshutdown$$00000000) refers (Special) to libshutdown2.o(.ARM.Collect$$libshutdown$$00000004) for __rt_lib_shutdown_stdio_1
    libshutdown.o(.ARM.Collect$$libshutdown$$00000000) refers (Special) to libshutdown2.o(.ARM.Collect$$libshutdown$$0000000C) for __rt_lib_shutdown_user_alloc_1
    sys_command.o(.text) refers (Special) to use_no_semi.o(.text) for __I$use$semihosting
    sys_command.o(.text) refers (Special) to indicate_semi.o(.text) for __semihosting_library_function
    sys_command_hlt.o(.text) refers (Special) to use_no_semi.o(.text) for __I$use$semihosting
    sys_command_hlt.o(.text) refers (Special) to indicate_semi.o(.text) for __semihosting_library_function
    defsig_rtmem_outer.o(.text) refers to defsig_rtmem_inner.o(.text) for __rt_SIGRTMEM_inner
    defsig_rtmem_outer.o(.text) refers to defsig_exit.o(.text) for __sig_exit
    defsig_rtmem_formal.o(.text) refers to rt_raise.o(.text) for __rt_raise
    rt_raise.o(.text) refers to __raise.o(.text) for __raise
    rt_raise.o(.text) refers to sys_exit.o(.text) for _sys_exit
    defsig_exit.o(.text) refers to sys_exit.o(.text) for _sys_exit
    defsig_rtmem_inner.o(.text) refers to defsig_general.o(.text) for __default_signal_display
    __raise.o(.text) refers to defsig.o(CL$$defsig) for __default_signal_handler
    defsig_general.o(.text) refers to sys_wrch.o(.text) for _ttywrch
    sys_wrch.o(.text) refers (Special) to use_no_semi.o(.text) for __I$use$semihosting
    sys_wrch.o(.text) refers (Special) to indicate_semi.o(.text) for __semihosting_library_function
    sys_wrch_hlt.o(.text) refers (Special) to use_no_semi.o(.text) for __I$use$semihosting
    sys_wrch_hlt.o(.text) refers (Special) to indicate_semi.o(.text) for __semihosting_library_function
    defsig.o(CL$$defsig) refers to defsig_rtmem_inner.o(.text) for __rt_SIGRTMEM_inner
    defsig_abrt_inner.o(.text) refers to defsig_general.o(.text) for __default_signal_display
    defsig_fpe_inner.o(.text) refers to defsig_general.o(.text) for __default_signal_display
    defsig_rtred_inner.o(.text) refers to defsig_general.o(.text) for __default_signal_display
    defsig_stak_inner.o(.text) refers to defsig_general.o(.text) for __default_signal_display
    defsig_pvfn_inner.o(.text) refers to defsig_general.o(.text) for __default_signal_display
    defsig_cppl_inner.o(.text) refers to defsig_general.o(.text) for __default_signal_display
    defsig_segv_inner.o(.text) refers to defsig_general.o(.text) for __default_signal_display
    defsig_other.o(.text) refers to defsig_general.o(.text) for __default_signal_display


==============================================================================

Removing Unused input sections from the image.

    Removing main.o(.text), (0 bytes).
    Removing main.o(.ARM.exidx.text.main), (8 bytes).
    Removing main.o(.ARM.use_no_argv), (4 bytes).
    Removing lcd_program.o(.text), (0 bytes).
    Removing lcd_program.o(.ARM.exidx.text.LCD_voidInit), (8 bytes).
    Removing lcd_program.o(.ARM.exidx.text.LCD_voidSendCmd), (8 bytes).
    Removing lcd_program.o(.ARM.exidx.text.LCD_voidSendFallingEdge), (8 bytes).
    Removing lcd_program.o(.text.LCD_voidSendChar), (104 bytes).
    Removing lcd_program.o(.ARM.exidx.text.LCD_voidSendChar), (8 bytes).
    Removing lcd_program.o(.text.LCD_voidSendString), (36 bytes).
    Removing lcd_program.o(.ARM.exidx.text.LCD_voidSendString), (8 bytes).
    Removing lcd_program.o(.text.LCD_voidClearScreen), (16 bytes).
    Removing lcd_program.o(.ARM.exidx.text.LCD_voidClearScreen), (8 bytes).
    Removing lcd_program.o(.text.LCD_voidMoveCursor), (132 bytes).
    Removing lcd_program.o(.ARM.exidx.text.LCD_voidMoveCursor), (8 bytes).
    Removing flash_program.o(.text), (0 bytes).
    Removing flash_program.o(.text.MFDI_voidSectorErase), (192 bytes).
    Removing flash_program.o(.ARM.exidx.text.MFDI_voidSectorErase), (8 bytes).
    Removing flash_program.o(.text.MFDI_voidMassErase), (52 bytes).
    Removing flash_program.o(.ARM.exidx.text.MFDI_voidMassErase), (8 bytes).
    Removing flash_program.o(.text.MFDI_voidFlashWrite), (234 bytes).
    Removing flash_program.o(.ARM.exidx.text.MFDI_voidFlashWrite), (8 bytes).
    Removing rcc_program.o(.text), (0 bytes).
    Removing rcc_program.o(.text.RCC_u8InitSysClk), (70 bytes).
    Removing rcc_program.o(.ARM.exidx.text.RCC_u8InitSysClk), (8 bytes).
    Removing rcc_program.o(.text.RCC_u8EnableHSE), (112 bytes).
    Removing rcc_program.o(.ARM.exidx.text.RCC_u8EnableHSE), (8 bytes).
    Removing rcc_program.o(.text.RCC_u8DisableHSE), (34 bytes).
    Removing rcc_program.o(.ARM.exidx.text.RCC_u8DisableHSE), (8 bytes).
    Removing rcc_program.o(.text.RCC_u8DisablePeripheralClk), (156 bytes).
    Removing rcc_program.o(.ARM.exidx.text.RCC_u8DisablePeripheralClk), (8 bytes).
    Removing rcc_program.o(.text.RCC_u8EnablePeripheralClk), (178 bytes).
    Removing rcc_program.o(.ARM.exidx.text.RCC_u8EnablePeripheralClk), (8 bytes).
    Removing rcc_program.o(.text.RCC_u8EnableHSI), (54 bytes).
    Removing rcc_program.o(.ARM.exidx.text.RCC_u8EnableHSI), (8 bytes).
    Removing rcc_program.o(.text.RCC_u8DisableHSI), (34 bytes).
    Removing rcc_program.o(.ARM.exidx.text.RCC_u8DisableHSI), (8 bytes).
    Removing gpio_program.o(.text), (0 bytes).
    Removing gpio_program.o(.ARM.exidx.text.GPIO_u8SetPinMode), (8 bytes).
    Removing gpio_program.o(.ARM.exidx.text.GPIO_u8SetPinOutputType), (8 bytes).
    Removing gpio_program.o(.ARM.exidx.text.GPIO_u8SetPinOutputSpeed), (8 bytes).
    Removing gpio_program.o(.ARM.exidx.text.GPIO_u8SetPinPullMode), (8 bytes).
    Removing gpio_program.o(.text.GPIO_u8GetPinValue), (202 bytes).
    Removing gpio_program.o(.ARM.exidx.text.GPIO_u8GetPinValue), (8 bytes).
    Removing gpio_program.o(.ARM.exidx.text.GPIO_u8ChangePinOutMode), (8 bytes).
    Removing gpio_program.o(.text.GPIO_u8DirectSetPinOutMode), (354 bytes).
    Removing gpio_program.o(.ARM.exidx.text.GPIO_u8DirectSetPinOutMode), (8 bytes).
    Removing systk_program.o(.text), (0 bytes).
    Removing systk_program.o(.text.STK_voidInit), (20 bytes).
    Removing systk_program.o(.ARM.exidx.text.STK_voidInit), (8 bytes).
    Removing systk_program.o(.ARM.exidx.text.STK_voidStart), (8 bytes).
    Removing systk_program.o(.text.STK_u8ReadFlag), (16 bytes).
    Removing systk_program.o(.ARM.exidx.text.STK_u8ReadFlag), (8 bytes).
    Removing systk_program.o(.text.STK_u32GetRemainingTime), (12 bytes).
    Removing systk_program.o(.ARM.exidx.text.STK_u32GetRemainingTime), (8 bytes).
    Removing systk_program.o(.text.STK_u32GetElapsedTime), (24 bytes).
    Removing systk_program.o(.ARM.exidx.text.STK_u32GetElapsedTime), (8 bytes).
    Removing systk_program.o(.text.STK_voidDelayUsec), (24 bytes).
    Removing systk_program.o(.ARM.exidx.text.STK_voidDelayUsec), (8 bytes).
    Removing systk_program.o(.ARM.exidx.text.STK_voidDelayMsec), (8 bytes).
    Removing systk_program.o(.text.STK_voidSetCallBack), (20 bytes).
    Removing systk_program.o(.ARM.exidx.text.STK_voidSetCallBack), (8 bytes).
    Removing systk_program.o(.ARM.exidx.text.SysTick_Handler), (8 bytes).
    Removing systk_program.o(.text.STK_voidSetIntervalPeriodic), (72 bytes).
    Removing systk_program.o(.ARM.exidx.text.STK_voidSetIntervalPeriodic), (8 bytes).
    Removing systk_program.o(.bss.G_u8SingleFlag), (1 bytes).
    Removing system_stm32f4xx.o(.text), (0 bytes).
    Removing system_stm32f4xx.o(.ARM.exidx.text.SystemInit), (8 bytes).
    Removing system_stm32f4xx.o(.text.SystemCoreClockUpdate), (302 bytes).
    Removing system_stm32f4xx.o(.ARM.exidx.text.SystemCoreClockUpdate), (8 bytes).
    Removing system_stm32f4xx.o(.data.SystemCoreClock), (4 bytes).
    Removing system_stm32f4xx.o(.rodata.AHBPrescTable), (16 bytes).
    Removing system_stm32f4xx.o(.rodata.APBPrescTable), (8 bytes).

73 unused section(s) (total 2779 bytes) removed from the image.
